// Jest Snapshot v1, https://goo.gl/fbAQLP

exports[`Example Validation valid example request 1`] = `
VirtualServerResponse {
  "body": Object {
    "id": "/subscriptions/randomSub/resourceGroups/randomRG/providers/Microsoft.ApiManagement/service/randomService/users/randomUsers",
    "name": "aaaaaaaaaaaaaaaaaaaaaaaaaaaa",
    "properties": Object {
      "email": "aaaaaaaaaaaaaa",
      "firstName": "a",
      "groups": Array [
        Object {
          "builtIn": true,
          "description": "aaaaaaaaaaaaaaaaaaaaaaaaaaaaaaaaaaaaaaaaaaaaaaaaaaaaaaaaaaaaaaaaaaaaaaaaaaaaaaaaaaaaaaaaaaaaaaaaaaaaaaaaaaaaaaaaaaaaaaaaaaaaaaaaaaaaaaaaaaaaaaaaaaaaaaaaaaaaaaaaaaaaaaaaaaaaaaaaaaaaaaaaaaaaaaaaaaaaaaaaaaaaaaaaaaaaaaaaaaaaaaaaaaaaaaaaaaaaaaaaaaaaaaaaaaaaaaaaaaaaaaaaaaaaaaaaaaaaaaaaaaaaaaaaaaaaaaaaaaaaaaaaaaaaaaaaaaaaaaaaaaaaaaaaaaaaaaaaaaaaaaaaaaaaaaaaaaaaaaaaaaaaaaaaaaaaaaaaaaaaaaaaaaaaaaaaaaaaaaaaaaaaaaaaaaaaaaaaaaaaaaaaaaaaaaaaaaaaaaaaaaaaaaaaaaaaaaaaaaaaaaaaaaaaaaaaaaaaaaaaaaaaaaaaaaaaaaaaaaaaaaaaaaaaaaaaaaaaaaaaaaaaaaaaaaaaaaaaaaaaaaaaaaaaaaaaaaaaaaaaaaaaaaaaaaaaaaaaaaaaaaaaaaaaaaaaaaaaaaaaaaaaaaaaaaaaaaaaaaaaaaaaaaaaaaaaaaaaaaaaaaaaaaaaaaaaaaaaaaaaaaaaaaaaaaaaaaaaaaaaaaaaaaaaaaaaaaaaaaaaaaaaaaaaaaaaaaaaaaaaaaaaaaaaaaaaaaaaaaaaaaaaaaaaaaaaaaaaaaaaaaaaaaaaaaaaaaaaaaaaaaaaaaaaaaaaaaaaaaaaaaaaaa",
          "displayName": "aaaaaaaaaaaaaaaaaaaaaaaaaaaaaaaaaaaaaaaaaaaaaaaaaaaaaaaaaaaaaaaaaaaaaaaaaa",
          "externalId": "aaaaaaaaaa",
          "type": "custom",
        },
      ],
      "identities": Array [
        Object {
          "id": "/subscriptions/a9cbceed-cd54-47f1-b7a2-bad149218603/resourceGroups/mockRg/providers/Microsoft.Resources/mockResource/mockName",
          "provider": "aaaaaaaaaaa",
        },
      ],
      "lastName": "aaaa",
      "note": "aaaaaaaaaaaaaaaaaaa",
      "registrationDate": "2021-07-20T07:22:45.742Z",
      "state": "active",
    },
    "type": "aaaaa",
  },
  "headers": Object {},
  "statusCode": "200",
}
`;

exports[`Example Validation valid example request 2`] = `
VirtualServerResponse {
  "body": Object {
    "id": "/subscriptions/randomSub/resourceGroups/randomRG/providers/Microsoft.ApiManagement/service/randomService/users/randomUsers",
    "name": "randomUsers",
    "properties": Object {
      "email": "aaaaa",
      "firstName": "aaaaaaaa",
      "groups": Array [
        Object {
          "builtIn": true,
          "description": "aaaaaaaaaaaaaaaaaaaaaaaaaaaaaaaaaaaaaaaaaaaaaaaaaaaaaaaaaaaaaaaaaaaaaaaaaaaaaaaaaaaaaaaaaaaaaaaaaaaaaaaaaaaaaaaaaaaaaaaaaaaaaaaaaaaaaaaaaaaaaaaaaaaaaaaaaaaaaaaaaaaaaaaaaaaaaaaaaaaaaaaaaaaaaaaaaaaaaaaaaaaaaaaaaaaaaaaaaaaaaaaaaaaaaaaaaaaaaaaaaaaaaaaaaaaaaaaaaaaaaaaaaaaaaaaaaaaaaaaaaaaaaaaaaaaaaaaaaaaaaaaaaaaaaaaaaaaaaaaaaaaaaaaaaaaaaaaaaaaaaaaaaaaaaaaaaaaaaaaaaaaaaaaaaaaaaaaaaaaaaaaaaaaaaaaaaaaaaaaaaaaaaaaaaaaaaaaaaaaaaaaaaaaaaaaaaaaaaaaaaaaaaaaaaaaaaaaaaaaaaaaaaaaaaaaaaaaaaaaaaaaaaaaaaaaaaaaaaaaaaaaaaaaaaaaaaaaaaaaaaaaaaaaaaaaaaaaaaaaaaaaaaaaaaaaaaaaaaaaaaaaaaaaaaaaaaaaaaaaaaaaaaaaaaaaaaaaaaaaaaaaaaaaaaaaaaaaaaaaaaaaaaaaaaa",
          "displayName": "aaaaaaaaaaaaaaaaaaaaaaaaaaaaaaaaaaaaaaaaaaaaaaaaaaaaaaaaaaaaaaaaaaaaaaaaaaaaaaaaaaaaaaaaaaaaaaaaaaaaaaaaaaaaaaaaaaaaaaaaaaaaaaaaaaaaaaaaaaaaaaaaaaaaaaaaaaaaa",
          "externalId": "aaaaaaaaaaaaaaaaa",
          "type": "custom",
        },
      ],
      "identities": Array [
        Object {
          "id": "/subscriptions/a9cbceed-cd54-47f1-b7a2-bad149218603/resourceGroups/mockRg/providers/Microsoft.Resources/mockResource/mockName",
          "provider": "aaaaaaaaaaaaaaaaaaaaaa",
        },
      ],
      "lastName": "aaaaaaaaaaaaaa",
      "note": "aaaaaaaaaaaaaaaaaaaaaaaaa",
      "registrationDate": "2022-01-05T08:18:00.954Z",
      "state": "active",
    },
    "type": "aaaaaaaaaaaaaaaaaaaaaaaaaa",
  },
  "headers": Object {},
  "statusCode": "200",
}
`;

exports[`generateResponse() special rule of GET locations 1`] = `
VirtualServerResponse {
  "body": Object {
    "id": "/subscriptions/randomSub/resourceGroups/randomRG",
    "location": "eastus",
    "managedBy": null,
    "name": "randomRG",
    "properties": Object {
      "provisioningState": "Succeeded",
    },
    "tags": Object {},
    "type": "Microsoft.Resources/resourceGroups",
  },
  "headers": Object {},
  "statusCode": "200",
}
`;

exports[`generateResponse() special rule of GET resourceGroup 1`] = `
VirtualServerResponse {
  "body": Object {
    "id": "/subscriptions/randomSub/resourceGroups/randomRG",
    "location": "eastus",
    "managedBy": null,
    "name": "randomRG",
    "properties": Object {
      "provisioningState": "Succeeded",
    },
    "tags": Object {},
    "type": "Microsoft.Resources/resourceGroups",
  },
  "headers": Object {},
  "statusCode": "200",
}
`;

exports[`generateResponse() validate DELETE input 1`] = `
VirtualServerResponse {
  "body": undefined,
  "headers": Object {},
  "statusCode": "200",
}
`;
