// Jest Snapshot v1, https://goo.gl/fbAQLP

exports[`mockForExample:  mock resourceType 1`] = `
Object {
  "responseResourceId": "/subscriptions/xxx/resourceGroups/yy/providers/Microsoft.ApiManagement/service/serviceName/policies/policyId",
  "responseResourceType": "Microsoft.ApiManagement/service/policies",
}
`;
